[demo.iamarif.com/consta-wp/index.html]
[backblue.gif]
[fade.gif]
[index.html]
[demo.iamarif.com/consta-wp/wp-content/plugins/contact-form-7/includes/css/stylesce52.css]
[demo.iamarif.com/consta-wp/comments/feed/index.html]
[demo.iamarif.com/consta-wp/feed/index.html]
[demo.iamarif.com/consta-wp/wp-content/themes/consta/assets/css/font-awesome.min37cb.css]
[demo.iamarif.com/consta-wp/wp-content/themes/consta/assets/css/ionicons.min37cb.css]
[demo.iamarif.com/consta-wp/wp-content/themes/consta/assets/css/bootstrap.min37cb.css]
[demo.iamarif.com/consta-wp/wp-content/themes/consta/assets/css/owl.carousel37cb.css]
[demo.iamarif.com/consta-wp/wp-content/themes/consta/assets/css/aos37cb.css]
[demo.iamarif.com/consta-wp/wp-content/plugins/jetpack/modules/widgets/social-icons/social-iconsf4df.css]
[demo.iamarif.com/consta-wp/wp-content/themes/consta/assets/css/style37cb.css]
[demo.iamarif.com/consta-wp/wp-content/plugins/kingcomposer/assets/frontend/css/kingcomposer.minae29.css]
[demo.iamarif.com/consta-wp/wp-content/plugins/kingcomposer/assets/css/iconsae29.css]
[demo.iamarif.com/consta-wp/wp-content/plugins/jetpack/css/jetpack6a4d.css]
[demo.iamarif.com/consta-wp/wp-includes/js/jquery/jquery-migrate.min330a.js]
[demo.iamarif.com/consta-wp/wp-content/themes/consta/assets/scripts/vendor/modernizr-2.8.3-respond-1.4.2.min37cb.js]
[demo.iamarif.com/consta-wp/wp-json/index.html]
[demo.iamarif.com/consta-wp/wp-content/themes/consta/assets/scripts/plugin/owl-carousel/owl.carousel.min37cb.js]
[demo.iamarif.com/consta-wp/wp-includes/js/jquery/jqueryb8ff.js]
[demo.iamarif.com/consta-wp/xmlrpc0db0.php]
[demo.iamarif.com/consta-wp/wp-includes/wlwmanifest.xml]
[demo.iamarif.com/consta-wp/wp-json/oembed/1.0/embede4a4.json]
[demo.iamarif.com/consta-wp/wp-content/themes/consta/assets/images/other/lang-world.png]
[demo.iamarif.com/consta-wp/wp-json/oembed/1.0/embed30c9]
[demo.iamarif.com/consta-wp/wp-content/uploads/2017/01/dummy_pdf.pdf]
[demo.iamarif.com/consta-wp/wp-content/uploads/2017/01/logo.png]
[demo.iamarif.com/consta-wp/wp-content/uploads/2017/01/white-logo.png]
[demo.iamarif.com/consta-wp/wp-content/uploads/2017/01/1.jpg]
[demo.iamarif.com/consta-wp/wp-content/uploads/2017/01/2.jpg]
[demo.iamarif.com/consta-wp/wp-content/uploads/2017/01/half-frame.png]
[demo.iamarif.com/consta-wp/wp-content/uploads/2017/01/3-1.jpg]
[demo.iamarif.com/consta-wp/wp-content/uploads/2017/01/frame.png]
[i0.wp.com/demo.iamarif.com/consta-wp/wp-content/uploads/2017/01/2-13aae.jpg]
[i0.wp.com/demo.iamarif.com/consta-wp/wp-content/uploads/2017/01/1-13aae.jpg]
[i0.wp.com/demo.iamarif.com/consta-wp/wp-content/uploads/2017/01/member-13be7.png]
[i0.wp.com/demo.iamarif.com/consta-wp/wp-content/uploads/2017/01/member-23be7.png]
[i2.wp.com/demo.iamarif.com/consta-wp/wp-content/uploads/2017/01/member-33be7.png]
[i2.wp.com/demo.iamarif.com/consta-wp/wp-content/uploads/2017/01/member-43be7.png]
[i1.wp.com/demo.iamarif.com/consta-wp/wp-content/uploads/2017/01/buldozer9457.png]
[i0.wp.com/demo.iamarif.com/consta-wp/wp-content/uploads/2017/01/renovationca3e.jpg]
[i1.wp.com/demo.iamarif.com/consta-wp/wp-content/uploads/2017/01/construction-management9a75.jpg]
[i2.wp.com/demo.iamarif.com/consta-wp/wp-content/uploads/2017/01/architecture9a75.jpg]
[i0.wp.com/demo.iamarif.com/consta-wp/wp-content/uploads/2017/01/1a51b.jpg]
[i2.wp.com/demo.iamarif.com/consta-wp/wp-content/uploads/2017/01/1-33be7.jpg]
[i1.wp.com/demo.iamarif.com/consta-wp/wp-content/uploads/2017/01/2-33813.jpg]
[i1.wp.com/demo.iamarif.com/consta-wp/wp-content/uploads/2017/01/3-31421.jpg]
[i1.wp.com/demo.iamarif.com/consta-wp/wp-content/uploads/2017/01/4c8da.png]
[i2.wp.com/demo.iamarif.com/consta-wp/wp-content/uploads/2017/01/53813.jpg]
[i2.wp.com/demo.iamarif.com/consta-wp/wp-content/uploads/2017/01/69896.jpg]
[i1.wp.com/demo.iamarif.com/consta-wp/wp-content/uploads/2017/01/73813.jpg]
[i2.wp.com/demo.iamarif.com/consta-wp/wp-content/uploads/2017/01/81421.jpg]
[i1.wp.com/demo.iamarif.com/consta-wp/wp-content/uploads/2017/01/97b04.png]
[i1.wp.com/demo.iamarif.com/consta-wp/wp-content/uploads/2017/01/1075cb.png]
[i2.wp.com/demo.iamarif.com/consta-wp/wp-content/uploads/2017/01/114871.png]
[i2.wp.com/demo.iamarif.com/consta-wp/wp-content/uploads/2017/01/127c70.png]
[i1.wp.com/demo.iamarif.com/consta-wp/wp-content/uploads/2017/01/1-2f2fa.jpg]
[i2.wp.com/demo.iamarif.com/consta-wp/wp-content/uploads/2017/01/2-2b287.jpg]
[i0.wp.com/demo.iamarif.com/consta-wp/wp-content/uploads/2017/01/3-2f2fa.jpg]
[i2.wp.com/demo.iamarif.com/consta-wp/wp-content/uploads/2017/01/4ab72.jpg]
[i1.wp.com/demo.iamarif.com/consta-wp/wp-content/uploads/2017/01/workerf0ca.png]
[i1.wp.com/demo.iamarif.com/consta-wp/wp-content/uploads/2017/01/logo-8f09a.png]
[i0.wp.com/demo.iamarif.com/consta-wp/wp-content/uploads/2017/01/logo-6c2e1.png]
[i2.wp.com/demo.iamarif.com/consta-wp/wp-content/uploads/2017/01/logo-71c6d.png]
[i1.wp.com/demo.iamarif.com/consta-wp/wp-content/uploads/2017/01/logo-405b3.png]
[i1.wp.com/demo.iamarif.com/consta-wp/wp-content/uploads/2017/01/logo-505b5.png]
[i1.wp.com/demo.iamarif.com/consta-wp/wp-content/uploads/2017/01/logo-3f9c7.png]
[i1.wp.com/demo.iamarif.com/consta-wp/wp-content/uploads/2017/01/logo-22eb1.png]
[i2.wp.com/demo.iamarif.com/consta-wp/wp-content/uploads/2017/01/logo-108de.png]
[i2.wp.com/demo.iamarif.com/consta-wp/wp-content/uploads/2017/01/post270a2.jpg]
[i2.wp.com/demo.iamarif.com/consta-wp/wp-content/uploads/2017/01/post5860b.jpg]
[i0.wp.com/demo.iamarif.com/consta-wp/wp-content/uploads/2017/01/post434e7.jpg]
[demo.iamarif.com/consta-wp/bugatti-empire-construction-kit-included-midi-files/index.html]
[demo.iamarif.com/consta-wp/wp-content/uploads/wpcf7_captcha/4240115623.png]
[demo.iamarif.com/consta-wp/construction-industry-in-europe/index.html]
[demo.iamarif.com/consta-wp/wp-content/uploads/2017/01/logo-text.png]
[demo.iamarif.com/consta-wp/wp-content/plugins/jetpack/_inc/build/photon/photon.minb3d9.js]
[demo.iamarif.com/consta-wp/wp-content/plugins/contact-form-7/includes/js/scriptsce52.js]
[s0.wp.com/wp-content/js/devicepx-jetpack19f1.js]
[demo.iamarif.com/consta-wp/wp-content/themes/consta/assets/scripts/vendor/bootstrap.min37cb.js]
[demo.iamarif.com/consta-wp/wp-content/themes/consta/assets/scripts/vendor/modernizr-custom37cb.js]
[demo.iamarif.com/consta-wp/blog/index.html]
[demo.iamarif.com/consta-wp/wp-content/themes/consta/assets/scripts/plugin/parallaxify/jquery.parallaxify.min37cb.js]
[demo.iamarif.com/consta-wp/how-do-requests-for-proposal-work/index.html]
[demo.iamarif.com/consta-wp/wp-content/themes/consta/assets/scripts/plugin/isotope/isotope.pkgd.min37cb.js]
[demo.iamarif.com/consta-wp/wp-content/themes/consta/assets/scripts/plugin/isotope/packery-mode.pkgd.min37cb.js]
[demo.iamarif.com/consta-wp/wp-content/themes/consta/assets/scripts/plugin/aos/aos37cb.js]
[demo.iamarif.com/consta-wp/wp-content/themes/consta/assets/scripts/plugin/mailchimp/jquery.ajaxchimp.min37cb.js]
[demo.iamarif.com/consta-wp/wp-content/themes/consta/assets/scripts/plugin/retina/retina.min37cb.js]
[demo.iamarif.com/consta-wp/wp-content/themes/consta/assets/scripts/main37cb.js]
[demo.iamarif.com/consta-wp/wp-content/plugins/kingcomposer/assets/frontend/js/kingcomposer.minae29.js]
[demo.iamarif.com/consta-wp/wp-includes/js/wp-embed.min37cb.js]
[demo.iamarif.com/consta-wp/index.html]
[demo.iamarif.com/consta-wp/wp-content/plugins/contact-form-7/images/ajax-loader.gif]
[demo.iamarif.com/consta-wp/wp-content/plugins/contact-form-7/includes/css/stylesce52.css]
[stats.wp.com/e-201829.js]
[demo.iamarif.com/consta-wp/wp-content/themes/consta/assets/fonts/fontawesome-webfont3295.eot]
[demo.iamarif.com/consta-wp/wp-content/themes/consta/assets/fonts/fontawesome-webfontd41d.eot]
[demo.iamarif.com/consta-wp/wp-content/themes/consta/assets/fonts/fontawesome-webfont3295.woff]
[demo.iamarif.com/consta-wp/wp-content/themes/consta/assets/fonts/fontawesome-webfont3295.ttf]
[demo.iamarif.com/consta-wp/wp-content/themes/consta/assets/fonts/fontawesome-webfont3295.woff2]
[demo.iamarif.com/consta-wp/wp-content/themes/consta/assets/css/font-awesome.min37cb.css]
[demo.iamarif.com/consta-wp/wp-content/themes/consta/assets/fonts/ionicons28b5.eot]
[demo.iamarif.com/consta-wp/wp-content/themes/consta/assets/fonts/ionicons28b5.woff]
[demo.iamarif.com/consta-wp/wp-content/themes/consta/assets/css/ionicons.min37cb.css]
[demo.iamarif.com/consta-wp/wp-content/themes/consta/assets/fonts/glyphicons-halflings-regular.61d41d.delayed]
[demo.iamarif.com/consta-wp/wp-content/themes/consta/assets/fonts/glyphicons-halflings-regular.woff2]
[demo.iamarif.com/consta-wp/wp-content/themes/consta/assets/fonts/glyphicons-halflings-regular.woff]
[demo.iamarif.com/consta-wp/wp-content/themes/consta/assets/fonts/glyphicons-halflings-regular.ttf]
[demo.iamarif.com/consta-wp/wp-content/themes/consta/assets/fonts/glyphicons-halflings-regular.svg]
[demo.iamarif.com/consta-wp/wp-content/themes/consta/assets/css/bootstrap.min37cb.css]
[demo.iamarif.com/consta-wp/wp-content/themes/consta/assets/css/owl.video.play.png]
[demo.iamarif.com/consta-wp/wp-content/themes/consta/assets/css/owl.carousel37cb.css]
[demo.iamarif.com/consta-wp/wp-content/themes/consta/assets/css/aos37cb.css]
[demo.iamarif.com/consta-wp/wp-content/themes/consta/assets/images/icons/buldozer.png]
[demo.iamarif.com/consta-wp/wp-content/themes/consta/assets/images/icons/car.png]
[demo.iamarif.com/consta-wp/wp-content/themes/consta/assets/images/icons/concrete-truck.png]
[demo.iamarif.com/consta-wp/wp-content/themes/consta/assets/images/icons/excavator.png]
[demo.iamarif.com/consta-wp/wp-content/themes/consta/assets/images/icons/roller-machine.png]
[demo.iamarif.com/consta-wp/wp-content/themes/consta/assets/images/icons/tower-crane.png]
[demo.iamarif.com/consta-wp/wp-content/themes/consta/assets/images/vehicles/image-mask.jpg]
[demo.iamarif.com/consta-wp/wp-content/themes/consta/assets/css/style37cb.css]
[demo.iamarif.com/consta-wp/wp-content/plugins/jetpack/modules/widgets/social-icons/social-iconsf4df.css]
[demo.iamarif.com/consta-wp/wp-content/plugins/kingcomposer/assets/frontend/images/loader.png]
[demo.iamarif.com/consta-wp/wp-content/plugins/kingcomposer/assets/frontend/images/loading.gif]
[demo.iamarif.com/consta-wp/wp-content/plugins/kingcomposer/assets/frontend/images/fb_loading.gif]
[demo.iamarif.com/consta-wp/wp-content/plugins/kingcomposer/assets/frontend/images/icon-remove.png]
[demo.iamarif.com/consta-wp/wp-content/plugins/kingcomposer/assets/frontend/css/kingcomposer.minae29.css]
[demo.iamarif.com/consta-wp/wp-content/plugins/kingcomposer/assets/css/fonts/Simple-Line-Icons4c82.eot]
[demo.iamarif.com/consta-wp/wp-content/plugins/kingcomposer/assets/css/fonts/Simple-Line-Iconsd41d.eot]
[demo.iamarif.com/consta-wp/wp-content/plugins/kingcomposer/assets/css/fonts/Simple-Line-Icons.ttf]
[demo.iamarif.com/consta-wp/wp-content/plugins/kingcomposer/assets/css/fonts/Simple-Line-Icons.woff]
[demo.iamarif.com/consta-wp/wp-content/plugins/kingcomposer/assets/css/fonts/et-lined41d.eot]
[demo.iamarif.com/consta-wp/wp-content/plugins/kingcomposer/assets/css/fonts/et-line.woff]
[demo.iamarif.com/consta-wp/wp-content/plugins/kingcomposer/assets/css/fonts/et-line.ttf]
[demo.iamarif.com/consta-wp/wp-content/plugins/kingcomposer/assets/css/fonts/fa-solid-900.eot]
[demo.iamarif.com/consta-wp/wp-content/plugins/kingcomposer/assets/css/fonts/fa-solid-900.woff]
[demo.iamarif.com/consta-wp/wp-content/plugins/kingcomposer/assets/css/fonts/fa-solid-900.ttf]
[demo.iamarif.com/consta-wp/wp-content/plugins/kingcomposer/assets/css/fonts/fa-solid-900.woff2]
[demo.iamarif.com/consta-wp/wp-content/plugins/kingcomposer/assets/css/fonts/fa-brands-400.eot]
[demo.iamarif.com/consta-wp/wp-content/plugins/kingcomposer/assets/css/fonts/fa-brands-400d41d.eot]
[demo.iamarif.com/consta-wp/wp-content/plugins/kingcomposer/assets/css/fonts/fa-brands-400.woff2]
[demo.iamarif.com/consta-wp/wp-content/plugins/kingcomposer/assets/css/fonts/fa-brands-400.woff]
[demo.iamarif.com/consta-wp/wp-content/plugins/kingcomposer/assets/css/fonts/fa-brands-400.ttf]
[demo.iamarif.com/consta-wp/wp-content/plugins/kingcomposer/assets/css/iconsae29.css]
[demo.iamarif.com/consta-wp/wp-content/plugins/jetpack/modules/carousel/images/arrows.png]
[demo.iamarif.com/consta-wp/wp-content/plugins/jetpack/modules/carousel/images/arrows-2x.png]
[demo.iamarif.com/consta-wp/wp-content/plugins/jetpack/modules/carousel/images/carousel-spritee4da.png]
[demo.iamarif.com/consta-wp/wp-content/plugins/jetpack/modules/carousel/images/carousel-sprite-2xe4da.png]
[demo.iamarif.com/consta-wp/wp-content/plugins/jetpack/modules/shortcodes/img/slideshow-controls.png]
[demo.iamarif.com/consta-wp/wp-content/plugins/jetpack/modules/shortcodes/img/slideshow-controls-2x.png]
[demo.iamarif.com/consta-wp/wp-content/plugins/jetpack/modules/shortcodes/images/slide-nav.png]
[demo.iamarif.com/consta-wp/wp-content/plugins/jetpack/modules/shortcodes/images/expand.png]
[demo.iamarif.com/consta-wp/wp-content/plugins/jetpack/modules/shortcodes/images/collapse.png]
[secure.gravatar.com/images/grav-share-sprite.png]
[demo.iamarif.com/consta-wp/wp-content/plugins/jetpack/css/jetpack6a4d.css]
[demo.iamarif.com/consta-wp/wp-content/uploads/2017/01/2.jpg]
[demo.iamarif.com/consta-wp/wp-content/plugins/jetpack/_inc/social-logos/social-logos.min68b3.css]
[demo.iamarif.com/consta-wp/bugatti-empire-construction-kit-included-midi-files/feed/index.html]
[demo.iamarif.com/consta-wp/wp-content/plugins/jetpack/_inc/build/related-posts/related-posts.min7f79.js]
[demo.iamarif.com/consta-wp/wp-json/oembed/1.0/embed07f3.json]
[demo.iamarif.com/consta-wp/wp-json/oembed/1.0/embed6dad]
[demo.iamarif.com/consta-wp/wp-content/uploads/2017/01/3.jpg]
[i2.wp.com/demo.iamarif.com/consta-wp/wp-content/uploads/2017/01/3feeb.jpg]
[demo.iamarif.com/consta-wp/kaiser-s12-allroad-demo-bauma-2013/index.html]
[i2.wp.com/demo.iamarif.com/consta-wp/wp-content/uploads/2017/01/30dd6.jpg]
[demo.iamarif.com/consta-wp/category/construction/index.html]
[i2.wp.com/demo.iamarif.com/consta-wp/wp-content/uploads/2017/01/post2b3df.jpg]
[i2.wp.com/demo.iamarif.com/consta-wp/wp-content/uploads/2017/01/post2279c.jpg]
[demo.iamarif.com/consta-wp/category/construction-projects/index.html]
[demo.iamarif.com/consta-wp/category/uncategorized/index.html]
[demo.iamarif.com/consta-wp/tag/bugatti/index.html]
[demo.iamarif.com/consta-wp/author/arif/index.html]
[i2.wp.com/demo.iamarif.com/consta-wp/wp-content/uploads/2017/01/post5.99323b.delayed]
[i2.wp.com/demo.iamarif.com/consta-wp/wp-content/uploads/2017/01/post529be.jpg]
[demo.iamarif.com/consta-wp/wp-content/themes/consta/assets/scripts/blog37cb.js]
[demo.iamarif.com/consta-wp/tag/empire/index.html]
[demo.iamarif.com/consta-wp/tag/construction/index.html]
[demo.iamarif.com/consta-wp/wp-includes/js/comment-reply.min37cb.js]
[demo.iamarif.com/consta-wp/wp-content/plugins/akismet/_inc/form1678.js]
[demo.iamarif.com/consta-wp/category/construction-data/index.html]
[demo.iamarif.com/consta-wp/wp-content/plugins/jetpack/_inc/build/sharedaddy/sharing.min6a4d.js]
[demo.iamarif.com/consta-wp/bugatti-empire-construction-kit-included-midi-files/index.html]
[demo.iamarif.com/consta-wp/tag/bids/index.html]
[demo.iamarif.com/consta-wp/german-proptech-initiative-founded/index.html]
[demo.iamarif.com/consta-wp/tag/data/index.html]
[demo.iamarif.com/consta-wp/wp-json/oembed/1.0/embed7ef6.json]
[demo.iamarif.com/consta-wp/tag/demo/index.html]
[demo.iamarif.com/consta-wp/tag/europre/index.html]
[demo.iamarif.com/consta-wp/tag/first-tag/index.html]
[demo.iamarif.com/consta-wp/tag/german/index.html]
[demo.iamarif.com/consta-wp/tag/hello/index.html]
[demo.iamarif.com/consta-wp/tag/industry/index.html]
[demo.iamarif.com/consta-wp/tag/initiative/index.html]
[demo.iamarif.com/consta-wp/tag/inspired/index.html]
[demo.iamarif.com/consta-wp/wp-json/oembed/1.0/embeda451]
[demo.iamarif.com/consta-wp/construction-industry-in-europe/index.html]
[demo.iamarif.com/consta-wp/tag/kaiser/index.html]
[demo.iamarif.com/consta-wp/tag/projects/index.html]
[demo.iamarif.com/consta-wp/tag/mother/index.html]
[demo.iamarif.com/consta-wp/tag/proposal/index.html]
[demo.iamarif.com/consta-wp/wp-json/oembed/1.0/embedba73.json]
[demo.iamarif.com/consta-wp/construction-industry-in-europe/feed/index.html]
[demo.iamarif.com/consta-wp/wp-json/oembed/1.0/embed8791]
[demo.iamarif.com/consta-wp/how-do-requests-for-proposal-work/index.html]
[demo.iamarif.com/consta-wp/tag/success/index.html]
[demo.iamarif.com/consta-wp/blog/index.html]
[s0.wp.com/wp-content/js/devicepx-jetpack19f1.js]
[demo.iamarif.com/consta-wp/how-do-requests-for-proposal-work/feed/index.html]
[demo.iamarif.com/consta-wp/tag/work/index.html]
[demo.iamarif.com/consta-wp/2017/01/index.html]
[demo.iamarif.com/consta-wp/how-to-successfully-apply-for-bids/index.html]
[demo.iamarif.com/consta-wp/buildings-inspired-by-mothers/index.html]
[demo.iamarif.com/consta-wp/g.gif]
[demo.iamarif.com/consta-wp/blog/page/2/index.html]
[demo.iamarif.com/consta-wp/c.gif]
[demo.iamarif.com/consta-wp/t.gif]
[stats.wp.com/e-201829.js]
[demo.iamarif.com/consta-wp/wp-content/themes/consta/assets/fonts/fontawesome-webfont3295.svg]
[demo.iamarif.com/consta-wp/wp-content/themes/consta/assets/fonts/ionicons28b5.svg]
[demo.iamarif.com/consta-wp/wp-content/themes/consta/assets/fonts/glyphicons-halflings-regulard41d.html]
[demo.iamarif.com/consta-wp/wp-content/themes/consta/assets/fonts/glyphicons-halflings-regular.html]
[demo.iamarif.com/consta-wp/wp-content/themes/consta/assets/fonts/glyphicons-halflings-regular-2.html]
[demo.iamarif.com/consta-wp/wp-content/themes/consta/assets/fonts/glyphicons-halflings-regular-3.html]
[demo.iamarif.com/consta-wp/wp-content/themes/consta/assets/fonts/glyphicons-halflings-regular-4.html]
[demo.iamarif.com/consta-wp/wp-content/themes/consta/assets/css/owl.video.play.html]
[demo.iamarif.com/consta-wp/wp-content/plugins/kingcomposer/assets/css/fonts/Simple-Line-Iconsd41d.svg]
[demo.iamarif.com/consta-wp/wp-content/plugins/kingcomposer/assets/css/fonts/et-line.svg]
[demo.iamarif.com/consta-wp/wp-content/plugins/kingcomposer/assets/css/fonts/et-line.eot]
[demo.iamarif.com/consta-wp/wp-content/plugins/kingcomposer/assets/css/fonts/fa-solid-900d41d.eot]
[demo.iamarif.com/consta-wp/wp-content/plugins/kingcomposer/assets/css/fonts/fa-solid-900.svg]
[demo.iamarif.com/consta-wp/wp-content/plugins/kingcomposer/assets/css/fonts/fa-brands-400.svg]
[demo.iamarif.com/consta-wp/wp-content/plugins/jetpack/_inc/social-logos/social-logos6de4.eot]
[demo.iamarif.com/consta-wp/wp-content/plugins/jetpack/_inc/social-logos/social-logosd41d.eot]
[demo.iamarif.com/consta-wp/wp-content/plugins/jetpack/_inc/social-logos/social-logos6de4.ttf]
[demo.iamarif.com/consta-wp/wp-content/plugins/jetpack/_inc/social-logos/social-logos.min68b3.css]
[demo.iamarif.com/consta-wp/wp-json/oembed/1.0/embed9df3.json]
[demo.iamarif.com/consta-wp/kaiser-s12-allroad-demo-bauma-2013/feed/index.html]
[demo.iamarif.com/consta-wp/kaiser-s12-allroad-demo-bauma-2013/index.html]
[demo.iamarif.com/consta-wp/wp-json/oembed/1.0/embeded0d]
[demo.iamarif.com/consta-wp/category/construction/index.html]
[demo.iamarif.com/consta-wp/author/arif/index.html]
[demo.iamarif.com/consta-wp/category/construction/feed/index.html]
[demo.iamarif.com/consta-wp/author/arif/feed/index.html]
[demo.iamarif.com/consta-wp/wp-content/themes/consta/assets/fonts/glyphicons-halflings-regular.eot]
[demo.iamarif.com/consta-wp/category/construction/page/2/index.html]
[i0.wp.com/demo.iamarif.com/consta-wp/wp-content/uploads/2017/01/post39d3a.jpg]
[demo.iamarif.com/consta-wp/category/construction-projects/index.html]
[demo.iamarif.com/consta-wp/category/construction-projects/feed/index.html]
[demo.iamarif.com/consta-wp/category/uncategorized/index.html]
[demo.iamarif.com/consta-wp/category/uncategorized/feed/index.html]
[demo.iamarif.com/consta-wp/tag/bugatti/index.html]
[demo.iamarif.com/consta-wp/category/construction-projects/page/2/index.html]
[demo.iamarif.com/consta-wp/tag/bugatti/feed/index.html]
[demo.iamarif.com/consta-wp/tag/construction/index.html]
[demo.iamarif.com/consta-wp/tag/construction/feed/index.html]
[demo.iamarif.com/consta-wp/author/arif/page/2/index.html]
[demo.iamarif.com/consta-wp/tag/empire/index.html]
[demo.iamarif.com/consta-wp/tag/empire/feed/index.html]
[demo.iamarif.com/consta-wp/bugatti-empire-construction-kit-included-midi-files/index9a7b.html]
[demo.iamarif.com/consta-wp/bugatti-empire-construction-kit-included-midi-files/index5a58.html]
[demo.iamarif.com/consta-wp/bugatti-empire-construction-kit-included-midi-files/index386f.html]
[demo.iamarif.com/consta-wp/category/construction-data/index.html]
[demo.iamarif.com/consta-wp/category/construction-data/feed/index.html]
[demo.iamarif.com/consta-wp/category/uncategorized/page/2/index.html]
[demo.iamarif.com/consta-wp/hello-world/index.html]
[demo.iamarif.com/consta-wp/wp-json/oembed/1.0/embedd21d.json]
[demo.iamarif.com/consta-wp/german-proptech-initiative-founded/index.html]
[demo.iamarif.com/consta-wp/german-proptech-initiative-founded/feed/index.html]
[demo.iamarif.com/consta-wp/wp-json/oembed/1.0/embed17df]
[demo.iamarif.com/consta-wp/tag/bids/index.html]
[demo.iamarif.com/consta-wp/tag/data/index.html]
[demo.iamarif.com/consta-wp/tag/construction/page/2/index.html]
[demo.iamarif.com/consta-wp/tag/demo/index.html]
[demo.iamarif.com/consta-wp/german-proptech-initiative-founded/index21b4.html]
[demo.iamarif.com/consta-wp/german-proptech-initiative-founded/index3094.html]
[demo.iamarif.com/consta-wp/tag/europre/index.html]
[demo.iamarif.com/consta-wp/tag/bids/feed/index.html]
[demo.iamarif.com/consta-wp/german-proptech-initiative-founded/index0e22.html]
[demo.iamarif.com/consta-wp/tag/data/feed/index.html]
[demo.iamarif.com/consta-wp/tag/first-tag/index.html]
[demo.iamarif.com/consta-wp/tag/demo/feed/index.html]
[demo.iamarif.com/consta-wp/tag/german/index.html]
[demo.iamarif.com/consta-wp/tag/europre/feed/index.html]
[demo.iamarif.com/consta-wp/tag/first-tag/feed/index.html]
[demo.iamarif.com/consta-wp/german-proptech-initiative-founded/index267f.html]
[demo.iamarif.com/consta-wp/tag/german/feed/index.html]
[demo.iamarif.com/consta-wp/tag/hello/index.html]
[demo.iamarif.com/consta-wp/tag/industry/index.html]
[demo.iamarif.com/consta-wp/tag/hello/feed/index.html]
[demo.iamarif.com/consta-wp/tag/industry/feed/index.html]
[demo.iamarif.com/consta-wp/tag/initiative/index.html]
[demo.iamarif.com/consta-wp/tag/initiative/feed/index.html]
[demo.iamarif.com/consta-wp/tag/inspired/index.html]
[demo.iamarif.com/consta-wp/tag/kaiser/index.html]
[demo.iamarif.com/consta-wp/tag/inspired/feed/index.html]
[demo.iamarif.com/consta-wp/tag/kaiser/feed/index.html]
[demo.iamarif.com/consta-wp/tag/mother/index.html]
[demo.iamarif.com/consta-wp/tag/projects/index.html]
[demo.iamarif.com/consta-wp/tag/mother/feed/index.html]
[demo.iamarif.com/consta-wp/tag/projects/feed/index.html]
[demo.iamarif.com/consta-wp/tag/proposal/index.html]
[demo.iamarif.com/consta-wp/tag/proposal/feed/index.html]
[demo.iamarif.com/consta-wp/tag/success/index.html]
[demo.iamarif.com/consta-wp/tag/success/feed/index.html]
[demo.iamarif.com/consta-wp/tag/work/index.html]
[demo.iamarif.com/consta-wp/tag/work/feed/index.html]
[demo.iamarif.com/consta-wp/2017/01/index.html]
[demo.iamarif.com/consta-wp/wp-json/oembed/1.0/embed8598.json]
[demo.iamarif.com/consta-wp/how-to-successfully-apply-for-bids/feed/index.html]
[demo.iamarif.com/consta-wp/german-proptech-initiative-founded/index8e42.html]
[demo.iamarif.com/consta-wp/how-to-successfully-apply-for-bids/index.html]
[demo.iamarif.com/consta-wp/wp-json/oembed/1.0/embeddfcd]
[demo.iamarif.com/consta-wp/construction-industry-in-europe/index9a7b.html]
[demo.iamarif.com/consta-wp/construction-industry-in-europe/index5a58.html]
[demo.iamarif.com/consta-wp/construction-industry-in-europe/index386f.html]
[demo.iamarif.com/consta-wp/buildings-inspired-by-mothers/feed/index.html]
[demo.iamarif.com/consta-wp/wp-json/oembed/1.0/embed4d2b.json]
[demo.iamarif.com/consta-wp/buildings-inspired-by-mothers/index.html]
[demo.iamarif.com/consta-wp/wp-json/oembed/1.0/embedfad6]
[demo.iamarif.com/consta-wp/how-do-requests-for-proposal-work/index9a7b.html]
[demo.iamarif.com/consta-wp/how-do-requests-for-proposal-work/index5a58.html]
[demo.iamarif.com/consta-wp/how-do-requests-for-proposal-work/index386f.html]
[demo.iamarif.com/consta-wp/blog/page/2/index.html]
[demo.iamarif.com/consta-wp/g.html]
[demo.iamarif.com/consta-wp/c.html]
[demo.iamarif.com/consta-wp/t.html]
[demo.iamarif.com/consta-wp/wp-content/themes/consta/assets/fonts/ionicons28b5.ttf]
[demo.iamarif.com/consta-wp/wp-content/themes/consta/assets/fonts/glyphicons-halflings-regular.eot]
[demo.iamarif.com/consta-wp/kaiser-s12-allroad-demo-bauma-2013/index9a7b.html]
[demo.iamarif.com/consta-wp/kaiser-s12-allroad-demo-bauma-2013/index5a58.html]
[demo.iamarif.com/consta-wp/kaiser-s12-allroad-demo-bauma-2013/index386f.html]
[demo.iamarif.com/consta-wp/category/construction/page/2/index.html]
[demo.iamarif.com/consta-wp/author/arif/page/2/index.html]
[demo.iamarif.com/consta-wp/category/construction-projects/page/2/index.html]
[demo.iamarif.com/consta-wp/hello-world/feed/index.html]
[demo.iamarif.com/consta-wp/2017/index.html]
[demo.iamarif.com/consta-wp/wp-json/oembed/1.0/embed8d77.json]
[demo.iamarif.com/consta-wp/2017/01/page/2/index.html]
[demo.iamarif.com/consta-wp/hello-world/index.html]
[demo.iamarif.com/consta-wp/wp-json/oembed/1.0/embedcbc8]
[demo.iamarif.com/consta-wp/category/uncategorized/page/2/index.html]
[demo.iamarif.com/consta-wp/tag/construction/page/2/index.html]
[demo.iamarif.com/consta-wp/german-proptech-initiative-founded/index9a7b.html]
[demo.iamarif.com/consta-wp/german-proptech-initiative-founded/index5a58.html]
[demo.iamarif.com/consta-wp/german-proptech-initiative-founded/index386f.html]
[demo.iamarif.com/consta-wp/german-proptech-initiative-founded/index0e22.html]
[demo.iamarif.com/consta-wp/german-proptech-initiative-founded/index3094.html]
[demo.iamarif.com/consta-wp/german-proptech-initiative-founded/index21b4.html]
[demo.iamarif.com/consta-wp/german-proptech-initiative-founded/index267f.html]
[demo.iamarif.com/consta-wp/german-proptech-initiative-founded/index8e42.html]
[demo.iamarif.com/consta-wp/2017/index.html]
[demo.iamarif.com/consta-wp/2017/01/page/2/index.html]
[demo.iamarif.com/consta-wp/blog/page/3/index.html]
[demo.iamarif.com/consta-wp/how-to-successfully-apply-for-bids/index9a7b.html]
[demo.iamarif.com/consta-wp/how-to-successfully-apply-for-bids/index5a58.html]
[demo.iamarif.com/consta-wp/how-to-successfully-apply-for-bids/index386f.html]
[demo.iamarif.com/consta-wp/buildings-inspired-by-mothers/index9a7b.html]
[demo.iamarif.com/consta-wp/buildings-inspired-by-mothers/index5a58.html]
[demo.iamarif.com/consta-wp/buildings-inspired-by-mothers/index386f.html]
[demo.iamarif.com/consta-wp/blog/page/3/index.html]
[demo.iamarif.com/consta-wp/2017/01/page/3/index.html]
[demo.iamarif.com/consta-wp/hello-world/index9a7b.html]
[demo.iamarif.com/consta-wp/hello-world/index5a58.html]
[demo.iamarif.com/consta-wp/hello-world/index386f.html]
[demo.iamarif.com/consta-wp/2017/page/2/index.html]
[demo.iamarif.com/consta-wp/hello-world/index6809.html]
[demo.iamarif.com/consta-wp/hello-world/index6809.html]
[demo.iamarif.com/consta-wp/2017/page/2/index.html]
[demo.iamarif.com/consta-wp/2017/01/page/3/index.html]
[demo.iamarif.com/consta-wp/author/arif/page/3/index.html]
[demo.iamarif.com/consta-wp/author/arif/page/3/index.html]
[demo.iamarif.com/consta-wp/2017/page/3/index.html]
[demo.iamarif.com/consta-wp/2017/page/3/index.html]
